test_aligned_model_cannot_substitute_recipient (__main__.PipelineContracts.test_aligned_model_cannot_substitute_recipient) ... ok
test_baseline_uses_no_guard_model (__main__.PipelineContracts.test_baseline_uses_no_guard_model) ... ok
test_clean_sanitizer_uses_detection_only_without_a_plan (__main__.PipelineContracts.test_clean_sanitizer_uses_detection_only_without_a_plan) ... ok
test_extra_cc_not_planned_is_not_executed (__main__.PipelineContracts.test_extra_cc_not_planned_is_not_executed) ... ok
test_input_sanitizer_preserves_native_task_data_and_dispatch (__main__.PipelineContracts.test_input_sanitizer_preserves_native_task_data_and_dispatch) ... ERROR
test_malformed_plan_is_failed_closed_and_counted (__main__.PipelineContracts.test_malformed_plan_is_failed_closed_and_counted) ... ok
test_structured_guard_keeps_native_execution_and_evidence_checks (__main__.PipelineContracts.test_structured_guard_keeps_native_execution_and_evidence_checks) ... ok
test_tainted_observation_cannot_supply_recipient (__main__.PipelineContracts.test_tainted_observation_cannot_supply_recipient) ... ok
test_task_plan_native_read_then_bound_email (__main__.PipelineContracts.test_task_plan_native_read_then_bound_email) ... ok

======================================================================
ERROR: test_input_sanitizer_preserves_native_task_data_and_dispatch (__main__.PipelineContracts.test_input_sanitizer_preserves_native_task_data_and_dispatch)
----------------------------------------------------------------------
Traceback (most recent call last):
  File "/home/moxu/AgentSentry/artifacts/development/context-filter-v1/benchmarks/check_task_plan_pipeline.py", line 158, in test_input_sanitizer_preserves_native_task_data_and_dispatch
    pipeline, env, before, seen = self.run_case(sanitizer=True, tainted=True, guard_format="json_schema")
                                  ^^^^^^^^^^^^^^^^^^^^^^^^^^^^^^^^^^^^^^^^^^^^^^^^^^^^^^^^^^^^^^^^^^^^^^^
  File "/home/moxu/AgentSentry/artifacts/development/context-filter-v1/benchmarks/check_task_plan_pipeline.py", line 154, in run_case
    pipeline.query(TASK, runtime, env)
  File "/home/moxu/AgentSentry/artifacts/development/context-filter-v1/benchmarks/run_agentdojo.py", line 276, in query
    filtered = self.sanitizer.sanitize(query, call.function, call.args, raw)
               ^^^^^^^^^^^^^^^^^^^^^^^^^^^^^^^^^^^^^^^^^^^^^^^^^^^^^^^^^^^^^
  File "/home/moxu/AgentSentry/artifacts/development/context-filter-v1/src/agentsentry/context/sanitizer.py", line 103, in sanitize
    spans = removal_spans(text, extracted.excerpts)
            ^^^^^^^^^^^^^^^^^^^^^^^^^^^^^^^^^^^^^^^
  File "/home/moxu/AgentSentry/artifacts/development/context-filter-v1/src/agentsentry/context/sanitizer.py", line 65, in removal_spans
    raise ValueError("SANITIZER_UNMATCHED_EXCERPT")
ValueError: SANITIZER_UNMATCHED_EXCERPT

----------------------------------------------------------------------
Ran 9 tests in 1.216s

FAILED (errors=1)
