[09/13/26 23:30:23] INFO     StreamableHTTP       streamable_http_manager.py:164
                             session manager                                    
                             started                                            
[09/13/26 23:30:25] INFO     Terminating session: None    streamable_http.py:831
                    INFO     Terminating session: None    streamable_http.py:831
                    INFO     Processing request of type            server.py:733
                             ListToolsRequest                                   
                    INFO     Terminating session: None    streamable_http.py:831
                    INFO     Processing request of type            server.py:733
                             CallToolRequest                                    
                    INFO     Terminating session: None    streamable_http.py:831
                    INFO     Processing request of type            server.py:733
                             CallToolRequest                                    
[09/13/26 23:30:26] INFO     Terminating session: None    streamable_http.py:831
                    INFO     StreamableHTTP       streamable_http_manager.py:168
                             session manager                                    
                             shutting down                                      
[09/13/26 23:30:27] INFO     StreamableHTTP       streamable_http_manager.py:164
                             session manager                                    
                             started                                            
[09/13/26 23:30:28] INFO     Terminating session: None    streamable_http.py:831
                    INFO     Terminating session: None    streamable_http.py:831
                    INFO     Processing request of type            server.py:733
                             ListToolsRequest                                   
                    INFO     Terminating session: None    streamable_http.py:831
                    INFO     Processing request of type            server.py:733
                             CallToolRequest                                    
[09/13/26 23:30:29] INFO     Terminating session: None    streamable_http.py:831
                    INFO     StreamableHTTP       streamable_http_manager.py:168
                             session manager                                    
                             shutting down                                      
[09/13/26 23:30:31] INFO     StreamableHTTP       streamable_http_manager.py:164
                             session manager                                    
                             started                                            
[09/13/26 23:30:32] INFO     Terminating session: None    streamable_http.py:831
                    INFO     Terminating session: None    streamable_http.py:831
                    INFO     Processing request of type            server.py:733
                             ListToolsRequest                                   
                    INFO     Terminating session: None    streamable_http.py:831
[09/13/26 23:30:33] INFO     Processing request of type            server.py:733
                             CallToolRequest                                    
                    INFO     Terminating session: None    streamable_http.py:831
                    INFO     Processing request of type            server.py:733
                             CallToolRequest                                    
                    INFO     Terminating session: None    streamable_http.py:831
[09/13/26 23:30:34] INFO     StreamableHTTP       streamable_http_manager.py:168
                             session manager                                    
                             shutting down                                      
                    INFO     StreamableHTTP       streamable_http_manager.py:164
                             session manager                                    
                             started                                            
[09/13/26 23:30:35] INFO     Terminating session: None    streamable_http.py:831
                    INFO     Terminating session: None    streamable_http.py:831
                    INFO     Processing request of type            server.py:733
                             ListToolsRequest                                   
                    INFO     Terminating session: None    streamable_http.py:831
[09/13/26 23:30:36] INFO     Processing request of type            server.py:733
                             CallToolRequest                                    
                    INFO     Terminating session: None    streamable_http.py:831
                    INFO     StreamableHTTP       streamable_http_manager.py:168
                             session manager                                    
                             shutting down                                      
[09/13/26 23:30:38] INFO     StreamableHTTP       streamable_http_manager.py:164
                             session manager                                    
                             started                                            
[09/13/26 23:30:39] INFO     Terminating session: None    streamable_http.py:831
                    INFO     Terminating session: None    streamable_http.py:831
                    INFO     Processing request of type            server.py:733
                             ListToolsRequest                                   
                    INFO     Terminating session: None    streamable_http.py:831
                    INFO     Processing request of type            server.py:733
                             CallToolRequest                                    
                    INFO     Terminating session: None    streamable_http.py:831
                    INFO     Processing request of type            server.py:733
                             CallToolRequest                                    
[09/13/26 23:30:40] INFO     Terminating session: None    streamable_http.py:831
                    INFO     StreamableHTTP       streamable_http_manager.py:168
                             session manager                                    
                             shutting down                                      
[09/13/26 23:30:41] INFO     StreamableHTTP       streamable_http_manager.py:164
                             session manager                                    
                             started                                            
[09/13/26 23:30:42] INFO     Terminating session: None    streamable_http.py:831
                    INFO     Terminating session: None    streamable_http.py:831
                    INFO     Processing request of type            server.py:733
                             ListToolsRequest                                   
                    INFO     Terminating session: None    streamable_http.py:831
                    INFO     Processing request of type            server.py:733
                             CallToolRequest                                    
                    INFO     Terminating session: None    streamable_http.py:831
[09/13/26 23:30:43] INFO     StreamableHTTP       streamable_http_manager.py:168
                             session manager                                    
                             shutting down                                      
{"status": "PASS", "kind": "NATIVE_CODEX_SCRIPTED_PROTOCOL_NOT_BENCHMARK", "error": null, "inference_calls": 0}
